2026-08-30 07:15:13.292: [INFO] CurrentProfilePath: D:\WebFlowManager\backend\.metadata\.plugins\org.eclipse.swt\EBWebView\Default
2026-08-30 07:15:13.292: [INFO] Profiles total count: 1
2026-08-30 07:15:13.292: [INFO] Profile: name=プロファイル 1 path=D:\WebFlowManager\backend\.metadata\.plugins\org.eclipse.swt\EBWebView\Default lastActive=null
2026-08-30 07:15:13.292: [INFO] LastUsedProfileDir: D:\WebFlowManager\backend\.metadata\.plugins\org.eclipse.swt\EBWebView\Default
2026-08-30 07:15:13.292: [INFO] OnDoneLoading sync enabled: 0
2026-08-30 07:15:13.292: [INFO] BookmarkModelLoaded, ids_reassigned: 0
2026-08-30 07:15:13.292: [INFO] BookmarksLoadDropped droppedNodes=0
2026-08-30 07:15:13.292: [INFO] BookmarksSnapshot Startup total=0 bar=0 other=0 mobile=0 showBar=0 showBarNTP=1
2026-08-30 07:15:18.504: [INFO] BookmarksSnapshot Shutdown total=0 bar=0 other=0 mobile=0 showBar=0 showBarNTP=1
2026-08-30 07:15:22.711: [INFO] CurrentProfilePath: D:\WebFlowManager\backend\.metadata\.plugins\org.eclipse.swt\EBWebView\Default
2026-08-30 07:15:22.711: [INFO] Profiles total count: 1
2026-08-30 07:15:22.711: [INFO] Profile: name=プロファイル 1 path=D:\WebFlowManager\backend\.metadata\.plugins\org.eclipse.swt\EBWebView\Default lastActive=2026-08-30T07:15:17.228Z
2026-08-30 07:15:22.711: [INFO] LastUsedProfileDir: D:\WebFlowManager\backend\.metadata\.plugins\org.eclipse.swt\EBWebView\Default
2026-08-30 07:15:22.711: [INFO] MostRecentlyActiveProfile: name=プロファイル 1 path=D:\WebFlowManager\backend\.metadata\.plugins\org.eclipse.swt\EBWebView\Default lastActive=2026-08-30T07:15:17.228Z
2026-08-30 07:15:22.711: [INFO] OnDoneLoading sync enabled: 0
2026-08-30 07:15:22.711: [INFO] BookmarkModelLoaded, ids_reassigned: 0
2026-08-30 07:15:22.711: [INFO] BookmarksLoadDropped droppedNodes=0
2026-08-30 07:15:22.711: [INFO] BookmarksSnapshot Startup total=0 bar=0 other=0 mobile=0 showBar=0 showBarNTP=1
2026-08-30 07:19:29.277: [INFO] BookmarksSnapshot Shutdown total=0 bar=0 other=0 mobile=0 showBar=0 showBarNTP=1
2026-08-30 07:20:55.755: [INFO] CurrentProfilePath: D:\WebFlowManager\backend\.metadata\.plugins\org.eclipse.swt\EBWebView\Default
2026-08-30 07:20:55.755: [INFO] Profiles total count: 1
2026-08-30 07:20:55.755: [INFO] Profile: name=プロファイル 1 path=D:\WebFlowManager\backend\.metadata\.plugins\org.eclipse.swt\EBWebView\Default lastActive=2026-08-30T07:15:46.770Z
2026-08-30 07:20:55.755: [INFO] LastUsedProfileDir: D:\WebFlowManager\backend\.metadata\.plugins\org.eclipse.swt\EBWebView\Default
2026-08-30 07:20:55.755: [INFO] MostRecentlyActiveProfile: name=プロファイル 1 path=D:\WebFlowManager\backend\.metadata\.plugins\org.eclipse.swt\EBWebView\Default lastActive=2026-08-30T07:15:46.770Z
2026-08-30 07:20:55.755: [INFO] OnDoneLoading sync enabled: 0
2026-08-30 07:20:55.755: [INFO] BookmarkModelLoaded, ids_reassigned: 0
2026-08-30 07:20:55.755: [INFO] BookmarksLoadDropped droppedNodes=0
2026-08-30 07:20:55.755: [INFO] BookmarksSnapshot Startup total=0 bar=0 other=0 mobile=0 showBar=0 showBarNTP=1
2026-08-30 07:21:02.581: [INFO] BookmarksSnapshot Shutdown total=0 bar=0 other=0 mobile=0 showBar=0 showBarNTP=1
2026-08-30 07:25:22.681: [INFO] CurrentProfilePath: D:\WebFlowManager\backend\.metadata\.plugins\org.eclipse.swt\EBWebView\Default
2026-08-30 07:25:22.681: [INFO] Profiles total count: 1
2026-08-30 07:25:22.681: [INFO] Profile: name=プロファイル 1 path=D:\WebFlowManager\backend\.metadata\.plugins\org.eclipse.swt\EBWebView\Default lastActive=2026-08-30T07:21:01.349Z
2026-08-30 07:25:22.681: [INFO] LastUsedProfileDir: D:\WebFlowManager\backend\.metadata\.plugins\org.eclipse.swt\EBWebView\Default
2026-08-30 07:25:22.681: [INFO] MostRecentlyActiveProfile: name=プロファイル 1 path=D:\WebFlowManager\backend\.metadata\.plugins\org.eclipse.swt\EBWebView\Default lastActive=2026-08-30T07:21:01.349Z
2026-08-30 07:25:22.681: [INFO] OnDoneLoading sync enabled: 0
2026-08-30 07:25:22.681: [INFO] BookmarkModelLoaded, ids_reassigned: 0
2026-08-30 07:25:22.681: [INFO] BookmarksLoadDropped droppedNodes=0
2026-08-30 07:25:22.681: [INFO] BookmarksSnapshot Startup total=0 bar=0 other=0 mobile=0 showBar=0 showBarNTP=1
2026-08-30 07:25:28.434: [INFO] BookmarksSnapshot Shutdown total=0 bar=0 other=0 mobile=0 showBar=0 showBarNTP=1
2026-08-30 07:26:48.031: [INFO] CurrentProfilePath: D:\WebFlowManager\backend\.metadata\.plugins\org.eclipse.swt\EBWebView\Default
2026-08-30 07:26:48.031: [INFO] Profiles total count: 1
2026-08-30 07:26:48.032: [INFO] Profile: name=プロファイル 1 path=D:\WebFlowManager\backend\.metadata\.plugins\org.eclipse.swt\EBWebView\Default lastActive=2026-08-30T07:25:27.718Z
2026-08-30 07:26:48.032: [INFO] LastUsedProfileDir: D:\WebFlowManager\backend\.metadata\.plugins\org.eclipse.swt\EBWebView\Default
2026-08-30 07:26:48.032: [INFO] MostRecentlyActiveProfile: name=プロファイル 1 path=D:\WebFlowManager\backend\.metadata\.plugins\org.eclipse.swt\EBWebView\Default lastActive=2026-08-30T07:25:27.718Z
2026-08-30 07:26:48.032: [INFO] OnDoneLoading sync enabled: 0
2026-08-30 07:26:48.032: [INFO] BookmarkModelLoaded, ids_reassigned: 0
2026-08-30 07:26:48.032: [INFO] BookmarksLoadDropped droppedNodes=0
2026-08-30 07:26:48.032: [INFO] BookmarksSnapshot Startup total=0 bar=0 other=0 mobile=0 showBar=0 showBarNTP=1
2026-08-30 07:36:41.416: [INFO] CurrentProfilePath: D:\WebFlowManager\backend\.metadata\.plugins\org.eclipse.swt\EBWebView\Default
2026-08-30 07:36:41.416: [INFO] Profiles total count: 1
2026-08-30 07:36:41.416: [INFO] Profile: name=プロファイル 1 path=D:\WebFlowManager\backend\.metadata\.plugins\org.eclipse.swt\EBWebView\Default lastActive=2026-08-30T07:26:57.527Z
2026-08-30 07:36:41.416: [INFO] LastUsedProfileDir: D:\WebFlowManager\backend\.metadata\.plugins\org.eclipse.swt\EBWebView\Default
2026-08-30 07:36:41.416: [INFO] MostRecentlyActiveProfile: name=プロファイル 1 path=D:\WebFlowManager\backend\.metadata\.plugins\org.eclipse.swt\EBWebView\Default lastActive=2026-08-30T07:26:57.527Z
2026-08-30 07:36:41.416: [INFO] OnDoneLoading sync enabled: 0
2026-08-30 07:36:41.416: [INFO] BookmarkModelLoaded, ids_reassigned: 0
2026-08-30 07:36:41.416: [INFO] BookmarksLoadDropped droppedNodes=0
2026-08-30 07:36:41.416: [INFO] BookmarksSnapshot Startup total=0 bar=0 other=0 mobile=0 showBar=0 showBarNTP=1
2026-08-30 07:51:17.955: [INFO] BookmarksSnapshot Shutdown total=0 bar=0 other=0 mobile=0 showBar=0 showBarNTP=1
2026-08-30 07:51:47.083: [INFO] CurrentProfilePath: D:\WebFlowManager\backend\.metadata\.plugins\org.eclipse.swt\EBWebView\Default
2026-08-30 07:51:47.083: [INFO] Profiles total count: 1
2026-08-30 07:51:47.084: [INFO] Profile: name=プロファイル 1 path=D:\WebFlowManager\backend\.metadata\.plugins\org.eclipse.swt\EBWebView\Default lastActive=2026-08-30T07:26:57.527Z
2026-08-30 07:51:47.084: [INFO] LastUsedProfileDir: D:\WebFlowManager\backend\.metadata\.plugins\org.eclipse.swt\EBWebView\Default
2026-08-30 07:51:47.084: [INFO] MostRecentlyActiveProfile: name=プロファイル 1 path=D:\WebFlowManager\backend\.metadata\.plugins\org.eclipse.swt\EBWebView\Default lastActive=2026-08-30T07:26:57.527Z
2026-08-30 07:51:47.084: [INFO] OnDoneLoading sync enabled: 0
2026-08-30 07:51:47.084: [INFO] BookmarkModelLoaded, ids_reassigned: 0
2026-08-30 07:51:47.084: [INFO] BookmarksLoadDropped droppedNodes=0
2026-08-30 07:51:47.084: [INFO] BookmarksSnapshot Startup total=0 bar=0 other=0 mobile=0 showBar=0 showBarNTP=1
2026-08-30 07:57:06.598: [INFO] BookmarksSnapshot Shutdown total=0 bar=0 other=0 mobile=0 showBar=0 showBarNTP=1
